[0m15:45:01.905817 [debug] [MainThread]: Sending event: {'category': 'dbt', 'action': 'invocation', 'label': 'start', 'context': [<snowplow_tracker.self_describing_json.SelfDescribingJson object at 0x10d62fcb0>, <snowplow_tracker.self_describing_json.SelfDescribingJson object at 0x10e095a60>, <snowplow_tracker.self_describing_json.SelfDescribingJson object at 0x10e095610>]}


============================== 15:45:01.926432 | 9f2f709a-22b2-45f2-9a5f-724e193218c8 ==============================
[0m15:45:01.926432 [info ] [MainThread]: Running with dbt=1.12.5
[0m15:45:01.926762 [debug] [MainThread]: running dbt with arguments {'invocation_command': 'dbt debug --profiles-dir .', 'static_parser': 'True', 'cache_selected_only': 'False', 'maximum_seed_size_mib': '1', 'log_format': 'default', 'use_colors': 'True', 'fail_fast': 'False', 'indirect_selection': 'eager', 'empty': 'None', 'log_cache_events': 'False', 'warn_error_options': 'WarnErrorOptionsV2(error=[], warn=[], silence=[])', 'target_path': 'None', 'introspect': 'True', 'partial_parse': 'True', 'send_anonymous_usage_stats': 'True', 'version_check': 'True', 'log_path': '/Users/ynzi-at/dev/ontime-data-platform/dbt/ontime/logs', 'write_json': 'True', 'warn_error': 'None', 'no_print': 'None', 'quiet': 'False', 'profiles_dir': '.', 'debug': 'False', 'hints_enabled': 'True', 'use_experimental_parser': 'False', 'printer_width': '80'}
[0m15:45:01.963879 [info ] [MainThread]: dbt version: 1.12.5
[0m15:45:01.964089 [info ] [MainThread]: python version: 3.12.14
[0m15:45:01.964196 [info ] [MainThread]: python path: /Users/ynzi-at/dev/ontime-data-platform/.venv/bin/python
[0m15:45:01.964303 [info ] [MainThread]: os info: macOS-26.2-arm64-arm-64bit
[0m15:45:02.093403 [info ] [MainThread]: Using profiles dir at .
[0m15:45:02.093650 [info ] [MainThread]: Using profiles.yml file at ./profiles.yml
[0m15:45:02.093759 [info ] [MainThread]: Using dbt_project.yml file at /Users/ynzi-at/dev/ontime-data-platform/dbt/ontime/dbt_project.yml
[0m15:45:02.096028 [info ] [MainThread]: adapter type: duckdb
[0m15:45:02.096251 [info ] [MainThread]: adapter version: 1.11.0
[0m15:45:02.144733 [info ] [MainThread]: Configuration:
[0m15:45:02.145035 [info ] [MainThread]:   profiles.yml file [[32mOK found and valid[0m]
[0m15:45:02.145190 [info ] [MainThread]:   dbt_project.yml file [[32mOK found and valid[0m]
[0m15:45:02.145302 [info ] [MainThread]: Required dependencies:
[0m15:45:02.145530 [debug] [MainThread]: Executing "git --help"
[0m15:45:02.441169 [debug] [MainThread]: STDOUT: "b"usage: git [-v | --version] [-h | --help] [-C <path>] [-c <name>=<value>]\n           [--exec-path[=<path>]] [--html-path] [--man-path] [--info-path]\n           [-p | --paginate | -P | --no-pager] [--no-replace-objects] [--no-lazy-fetch]\n           [--no-optional-locks] [--no-advice] [--bare] [--git-dir=<path>]\n           [--work-tree=<path>] [--namespace=<name>] [--config-env=<name>=<envvar>]\n           <command> [<args>]\n\nThese are common Git commands used in various situations:\n\nstart a working area (see also: git help tutorial)\n   clone      Clone a repository into a new directory\n   init       Create an empty Git repository or reinitialize an existing one\n\nwork on the current change (see also: git help everyday)\n   add        Add file contents to the index\n   mv         Move or rename a file, a directory, or a symlink\n   restore    Restore working tree files\n   rm         Remove files from the working tree and from the index\n\nexamine the history and state (see also: git help revisions)\n   bisect     Use binary search to find the commit that introduced a bug\n   diff       Show changes between commits, commit and working tree, etc\n   grep       Print lines matching a pattern\n   log        Show commit logs\n   show       Show various types of objects\n   status     Show the working tree status\n\ngrow, mark and tweak your common history\n   backfill   Download missing objects in a partial clone\n   branch     List, create, or delete branches\n   commit     Record changes to the repository\n   merge      Join two or more development histories together\n   rebase     Reapply commits on top of another base tip\n   reset      Reset current HEAD to the specified state\n   switch     Switch branches\n   tag        Create, list, delete or verify a tag object signed with GPG\n\ncollaborate (see also: git help workflows)\n   fetch      Download objects and refs from another repository\n   pull       Fetch from and integrate with another repository or a local branch\n   push       Update remote refs along with associated objects\n\n'git help -a' and 'git help -g' list available subcommands and some\nconcept guides. See 'git help <command>' or 'git help <concept>'\nto read about a specific subcommand or concept.\nSee 'git help git' for an overview of the system.\n""
[0m15:45:02.442626 [debug] [MainThread]: STDERR: "b''"
[0m15:45:02.443168 [info ] [MainThread]:  - git [[32mOK found[0m]

[0m15:45:02.444070 [info ] [MainThread]: Connection:
[0m15:45:02.444851 [info ] [MainThread]:   database: ontime
[0m15:45:02.445297 [info ] [MainThread]:   schema: main
[0m15:45:02.445674 [info ] [MainThread]:   path: ../../data/warehouse/ontime.duckdb
[0m15:45:02.445995 [info ] [MainThread]:   config_options: None
[0m15:45:02.446272 [info ] [MainThread]:   extensions: None
[0m15:45:02.446554 [info ] [MainThread]:   settings: {}
[0m15:45:02.446843 [info ] [MainThread]:   external_root: .
[0m15:45:02.447121 [info ] [MainThread]:   use_credential_provider: None
[0m15:45:02.447405 [info ] [MainThread]:   attach: None
[0m15:45:02.447672 [info ] [MainThread]:   filesystems: None
[0m15:45:02.447924 [info ] [MainThread]:   remote: None
[0m15:45:02.448179 [info ] [MainThread]:   plugins: None
[0m15:45:02.448448 [info ] [MainThread]:   disable_transactions: False
[0m15:45:02.449151 [info ] [MainThread]: Registered adapter: duckdb=1.11.0
[0m15:45:02.504994 [debug] [MainThread]: Acquiring new duckdb connection 'debug'
[0m15:45:02.570274 [debug] [MainThread]: Using duckdb connection "debug"
[0m15:45:02.570490 [debug] [MainThread]: On debug: select 1 as id
[0m15:45:02.570602 [debug] [MainThread]: Opening a new connection, currently in state init
[0m15:45:02.588601 [debug] [MainThread]: SQL status: OK in 0.018 seconds
[0m15:45:02.589123 [debug] [MainThread]: On debug: Close
[0m15:45:02.589293 [info ] [MainThread]:   Connection test: [[32mOK connection ok[0m]

[0m15:45:02.589429 [info ] [MainThread]: [32mAll checks passed![0m
[0m15:45:02.589760 [debug] [MainThread]: Resource report: {"command_name": "debug", "command_success": true, "command_wall_clock_time": 0.7874882, "process_in_blocks": "0", "process_kernel_time": 0.273157, "process_mem_max_rss": "171065344", "process_out_blocks": "0", "process_user_time": 0.850877}
[0m15:45:02.589988 [debug] [MainThread]: Command `dbt debug` succeeded at 15:45:02.589941 after 0.79 seconds
[0m15:45:02.590117 [debug] [MainThread]: Connection 'debug' was properly closed.
[0m15:45:02.590271 [debug] [MainThread]: Sending event: {'category': 'dbt', 'action': 'invocation', 'label': 'end', 'context': [<snowplow_tracker.self_describing_json.SelfDescribingJson object at 0x10e17c380>, <snowplow_tracker.self_describing_json.SelfDescribingJson object at 0x10e3fa3c0>, <snowplow_tracker.self_describing_json.SelfDescribingJson object at 0x10e604dd0>]}
[0m15:45:02.590469 [debug] [MainThread]: Flushing usage events
[0m15:45:03.043035 [debug] [MainThread]: An error was encountered while trying to flush usage events
[0m16:29:42.703764 [debug] [MainThread]: Sending event: {'category': 'dbt', 'action': 'invocation', 'label': 'start', 'context': [<snowplow_tracker.self_describing_json.SelfDescribingJson object at 0x109408650>, <snowplow_tracker.self_describing_json.SelfDescribingJson object at 0x10c09b470>, <snowplow_tracker.self_describing_json.SelfDescribingJson object at 0x10c09aff0>]}


============================== 16:29:42.707199 | ddb9cd2f-b3cc-4cb1-9f16-6d4e8ac42827 ==============================
[0m16:29:42.707199 [info ] [MainThread]: Running with dbt=1.12.5
[0m16:29:42.707474 [debug] [MainThread]: running dbt with arguments {'no_print': 'None', 'write_json': 'True', 'empty': 'False', 'hints_enabled': 'True', 'log_path': 'dbt/ontime/logs', 'static_parser': 'True', 'partial_parse': 'True', 'printer_width': '80', 'invocation_command': 'dbt run --select stg_flights --project-dir dbt/ontime --profiles-dir dbt/ontime', 'introspect': 'True', 'log_cache_events': 'False', 'target_path': 'None', 'use_colors': 'True', 'version_check': 'True', 'send_anonymous_usage_stats': 'True', 'use_experimental_parser': 'False', 'profiles_dir': 'dbt/ontime', 'fail_fast': 'False', 'warn_error_options': 'WarnErrorOptionsV2(error=[], warn=[], silence=[])', 'maximum_seed_size_mib': '1', 'quiet': 'False', 'debug': 'False', 'log_format': 'default', 'indirect_selection': 'eager', 'cache_selected_only': 'False', 'warn_error': 'None'}
[0m16:29:42.890389 [debug] [MainThread]: Sending event: {'category': 'dbt', 'action': 'project_id', 'label': 'ddb9cd2f-b3cc-4cb1-9f16-6d4e8ac42827', 'context': [<snowplow_tracker.self_describing_json.SelfDescribingJson object at 0x10c09af60>]}
[0m16:29:42.922219 [debug] [MainThread]: Sending event: {'category': 'dbt', 'action': 'adapter_info', 'label': 'ddb9cd2f-b3cc-4cb1-9f16-6d4e8ac42827', 'context': [<snowplow_tracker.self_describing_json.SelfDescribingJson object at 0x10b612e40>]}
[0m16:29:42.923969 [info ] [MainThread]: Registered adapter: duckdb=1.11.0
[0m16:29:42.975062 [debug] [MainThread]: checksum: 971b34b6ee13e89fea23a3682f065eb5f106e6eadb42619adc772f9b505abd6c, vars: {}, profile: ontime, target: dev, version: 1.12.5
[0m16:29:42.975475 [info ] [MainThread]: Unable to do partial parsing because saved manifest not found. Starting full parse.
[0m16:29:42.975634 [debug] [MainThread]: Sending event: {'category': 'dbt', 'action': 'partial_parser', 'label': 'ddb9cd2f-b3cc-4cb1-9f16-6d4e8ac42827', 'context': [<snowplow_tracker.self_describing_json.SelfDescribingJson object at 0x10c36acc0>]}
[0m16:29:43.498970 [warn ] [MainThread]: [[33mWARNING[0m]: Configuration paths exist in your dbt_project.yml file which do not apply to any resources.
There are 2 unused configuration paths:
- models.ontime.marts
- models.ontime.intermediate
[0m16:29:43.500670 [debug] [MainThread]: Sending event: {'category': 'dbt', 'action': 'load_project', 'label': 'ddb9cd2f-b3cc-4cb1-9f16-6d4e8ac42827', 'context': [<snowplow_tracker.self_describing_json.SelfDescribingJson object at 0x10c80f320>]}
[0m16:29:43.533959 [debug] [MainThread]: Wrote artifact WritableManifest to dbt/ontime/target/manifest.json
[0m16:29:43.535729 [debug] [MainThread]: Wrote artifact SemanticManifest to dbt/ontime/target/semantic_manifest.json
[0m16:29:43.562653 [debug] [MainThread]: Wrote artifact OsiDocument to dbt/ontime/target/osi_document.json
[0m16:29:43.578982 [debug] [MainThread]: Sending event: {'category': 'dbt', 'action': 'resource_counts', 'label': 'ddb9cd2f-b3cc-4cb1-9f16-6d4e8ac42827', 'context': [<snowplow_tracker.self_describing_json.SelfDescribingJson object at 0x10c9f73e0>]}
[0m16:29:43.579233 [info ] [MainThread]: Found 1 model, 1 source, 500 macros
[0m16:29:43.579358 [debug] [MainThread]: Sending event: {'category': 'dbt', 'action': 'runnable_timing', 'label': 'ddb9cd2f-b3cc-4cb1-9f16-6d4e8ac42827', 'context': [<snowplow_tracker.self_describing_json.SelfDescribingJson object at 0x10c3693d0>]}
[0m16:29:43.579998 [info ] [MainThread]: 
[0m16:29:43.580127 [info ] [MainThread]: Concurrency: 4 threads (target='dev')
[0m16:29:43.580221 [info ] [MainThread]: 
[0m16:29:43.580421 [debug] [MainThread]: Acquiring new duckdb connection 'master'
[0m16:29:43.580923 [debug] [ThreadPool]: Acquiring new duckdb connection 'list_ontime'
[0m16:29:43.634462 [debug] [ThreadPool]: Using duckdb connection "list_ontime"
[0m16:29:43.634664 [debug] [ThreadPool]: On list_ontime: /* {"app": "dbt", "dbt_version": "1.12.5", "profile_name": "ontime", "target_name": "dev", "connection_name": "list_ontime"} */

    
    select schema_name
    from system.information_schema.schemata
    
    where lower(catalog_name) = '"ontime"'
    
  
  
[0m16:29:43.634785 [debug] [ThreadPool]: Opening a new connection, currently in state init
[0m16:29:43.641338 [debug] [ThreadPool]: DuckDB adapter: duckdb error: IO Error: Cannot open file "/Users/ynzi-at/data/warehouse/ontime.duckdb": No such file or directory
[0m16:29:43.641574 [debug] [ThreadPool]: DuckDB adapter: Error running SQL: /* {"app": "dbt", "dbt_version": "1.12.5", "profile_name": "ontime", "target_name": "dev", "connection_name": "list_ontime"} */

    
    select schema_name
    from system.information_schema.schemata
    
    where lower(catalog_name) = '"ontime"'
    
  
  
[0m16:29:43.641688 [debug] [ThreadPool]: DuckDB adapter: Rolling back transaction.
[0m16:29:43.641788 [debug] [ThreadPool]: Opening a new connection, currently in state init
[0m16:29:43.643844 [debug] [ThreadPool]: DuckDB adapter: duckdb error: IO Error: Cannot open file "/Users/ynzi-at/data/warehouse/ontime.duckdb": No such file or directory
[0m16:29:43.644044 [debug] [ThreadPool]: DuckDB adapter: Error running SQL: macro list_schemas
[0m16:29:43.644165 [debug] [ThreadPool]: DuckDB adapter: Rolling back transaction.
[0m16:29:43.644269 [debug] [ThreadPool]: Opening a new connection, currently in state init
[0m16:29:43.646384 [debug] [MainThread]: Connection 'master' was properly closed.
[0m16:29:43.646556 [debug] [MainThread]: Connection 'list_ontime' was properly closed.
[0m16:29:43.646674 [info ] [MainThread]: 
[0m16:29:43.646796 [info ] [MainThread]: Finished running  in 0 hours 0 minutes and 0.07 seconds (0.07s).
[0m16:29:43.646979 [error] [MainThread]: [[31mERROR[0m]: Encountered an error:
IO Error: Cannot open file "/Users/ynzi-at/data/warehouse/ontime.duckdb": No such file or directory
[0m16:29:43.653239 [error] [MainThread]: Traceback (most recent call last):
  File "/Users/ynzi-at/dev/ontime-data-platform/.venv/lib/python3.12/site-packages/dbt/adapters/duckdb/connections.py", line 110, in exception_handler
    yield
  File "/Users/ynzi-at/dev/ontime-data-platform/.venv/lib/python3.12/site-packages/dbt/adapters/sql/connections.py", line 147, in add_query
    cursor = connection.handle.cursor()
             ^^^^^^^^^^^^^^^^^
  File "/Users/ynzi-at/dev/ontime-data-platform/.venv/lib/python3.12/site-packages/dbt/adapters/contracts/connection.py", line 96, in handle
    self._handle.resolve(self)
  File "/Users/ynzi-at/dev/ontime-data-platform/.venv/lib/python3.12/site-packages/dbt/adapters/contracts/connection.py", line 120, in resolve
    return self.opener(connection)
           ^^^^^^^^^^^^^^^^^^^^^^^
  File "/Users/ynzi-at/dev/ontime-data-platform/.venv/lib/python3.12/site-packages/dbt/adapters/duckdb/connections.py", line 68, in open
    connection.handle = cls._ENV.handle()
                        ^^^^^^^^^^^^^^^^^
  File "/Users/ynzi-at/dev/ontime-data-platform/.venv/lib/python3.12/site-packages/dbt/adapters/duckdb/environments/local.py", line 79, in handle
    self.conn = self.initialize_db(self.creds, self._plugins)
                ^^^^^^^^^^^^^^^^^^^^^^^^^^^^^^^^^^^^^^^^^^^^^
  File "/Users/ynzi-at/dev/ontime-data-platform/.venv/lib/python3.12/site-packages/dbt/adapters/duckdb/environments/__init__.py", line 164, in initialize_db
    conn = duckdb.connect(creds.path, read_only=False, config=config)
           ^^^^^^^^^^^^^^^^^^^^^^^^^^^^^^^^^^^^^^^^^^^^^^^^^^^^^^^^^^
_duckdb.IOException: IO Error: Cannot open file "/Users/ynzi-at/data/warehouse/ontime.duckdb": No such file or directory

During handling of the above exception, another exception occurred:

Traceback (most recent call last):
  File "/Users/ynzi-at/dev/ontime-data-platform/.venv/lib/python3.12/site-packages/dbt/adapters/duckdb/connections.py", line 110, in exception_handler
    yield
  File "/Users/ynzi-at/dev/ontime-data-platform/.venv/lib/python3.12/site-packages/dbt/adapters/base/impl.py", line 1372, in execute_macro
    result = macro_function(**kwargs)
             ^^^^^^^^^^^^^^^^^^^^^^^^
  File "/Users/ynzi-at/dev/ontime-data-platform/.venv/lib/python3.12/site-packages/dbt_common/clients/jinja.py", line 427, in __call__
    return self.call_macro(*args, **kwargs)
           ^^^^^^^^^^^^^^^^^^^^^^^^^^^^^^^^
  File "/Users/ynzi-at/dev/ontime-data-platform/.venv/lib/python3.12/site-packages/dbt_common/clients/jinja.py", line 395, in call_macro
    return macro(*args, **kwargs)
           ^^^^^^^^^^^^^^^^^^^^^^
  File "/Users/ynzi-at/dev/ontime-data-platform/.venv/lib/python3.12/site-packages/jinja2/runtime.py", line 770, in __call__
    return self._invoke(arguments, autoescape)
           ^^^^^^^^^^^^^^^^^^^^^^^^^^^^^^^^^^^
  File "/Users/ynzi-at/dev/ontime-data-platform/.venv/lib/python3.12/site-packages/jinja2/runtime.py", line 784, in _invoke
    rv = self._func(*arguments)
         ^^^^^^^^^^^^^^^^^^^^^^
  File "<template>", line 20, in macro
  File "/Users/ynzi-at/dev/ontime-data-platform/.venv/lib/python3.12/site-packages/jinja2/sandbox.py", line 401, in call
    return __context.call(__obj, *args, **kwargs)
           ^^^^^^^^^^^^^^^^^^^^^^^^^^^^^^^^^^^^^^
  File "/Users/ynzi-at/dev/ontime-data-platform/.venv/lib/python3.12/site-packages/jinja2/runtime.py", line 303, in call
    return __obj(*args, **kwargs)
           ^^^^^^^^^^^^^^^^^^^^^^
  File "/Users/ynzi-at/dev/ontime-data-platform/.venv/lib/python3.12/site-packages/dbt/clients/jinja.py", line 151, in __call__
    return self.call_macro(*args, **kwargs)
           ^^^^^^^^^^^^^^^^^^^^^^^^^^^^^^^^
  File "/Users/ynzi-at/dev/ontime-data-platform/.venv/lib/python3.12/site-packages/dbt_common/clients/jinja.py", line 395, in call_macro
    return macro(*args, **kwargs)
           ^^^^^^^^^^^^^^^^^^^^^^
  File "/Users/ynzi-at/dev/ontime-data-platform/.venv/lib/python3.12/site-packages/jinja2/runtime.py", line 770, in __call__
    return self._invoke(arguments, autoescape)
           ^^^^^^^^^^^^^^^^^^^^^^^^^^^^^^^^^^^
  File "/Users/ynzi-at/dev/ontime-data-platform/.venv/lib/python3.12/site-packages/jinja2/runtime.py", line 784, in _invoke
    rv = self._func(*arguments)
         ^^^^^^^^^^^^^^^^^^^^^^
  File "<template>", line 50, in macro
  File "/Users/ynzi-at/dev/ontime-data-platform/.venv/lib/python3.12/site-packages/jinja2/sandbox.py", line 401, in call
    return __context.call(__obj, *args, **kwargs)
           ^^^^^^^^^^^^^^^^^^^^^^^^^^^^^^^^^^^^^^
  File "/Users/ynzi-at/dev/ontime-data-platform/.venv/lib/python3.12/site-packages/jinja2/runtime.py", line 303, in call
    return __obj(*args, **kwargs)
           ^^^^^^^^^^^^^^^^^^^^^^
  File "/Users/ynzi-at/dev/ontime-data-platform/.venv/lib/python3.12/site-packages/dbt/clients/jinja.py", line 151, in __call__
    return self.call_macro(*args, **kwargs)
           ^^^^^^^^^^^^^^^^^^^^^^^^^^^^^^^^
  File "/Users/ynzi-at/dev/ontime-data-platform/.venv/lib/python3.12/site-packages/dbt_common/clients/jinja.py", line 395, in call_macro
    return macro(*args, **kwargs)
           ^^^^^^^^^^^^^^^^^^^^^^
  File "/Users/ynzi-at/dev/ontime-data-platform/.venv/lib/python3.12/site-packages/jinja2/runtime.py", line 770, in __call__
    return self._invoke(arguments, autoescape)
           ^^^^^^^^^^^^^^^^^^^^^^^^^^^^^^^^^^^
  File "/Users/ynzi-at/dev/ontime-data-platform/.venv/lib/python3.12/site-packages/jinja2/runtime.py", line 784, in _invoke
    rv = self._func(*arguments)
         ^^^^^^^^^^^^^^^^^^^^^^
  File "<template>", line 33, in macro
  File "/Users/ynzi-at/dev/ontime-data-platform/.venv/lib/python3.12/site-packages/jinja2/sandbox.py", line 401, in call
    return __context.call(__obj, *args, **kwargs)
           ^^^^^^^^^^^^^^^^^^^^^^^^^^^^^^^^^^^^^^
  File "/Users/ynzi-at/dev/ontime-data-platform/.venv/lib/python3.12/site-packages/jinja2/runtime.py", line 303, in call
    return __obj(*args, **kwargs)
           ^^^^^^^^^^^^^^^^^^^^^^
  File "/Users/ynzi-at/dev/ontime-data-platform/.venv/lib/python3.12/site-packages/dbt/clients/jinja.py", line 151, in __call__
    return self.call_macro(*args, **kwargs)
           ^^^^^^^^^^^^^^^^^^^^^^^^^^^^^^^^
  File "/Users/ynzi-at/dev/ontime-data-platform/.venv/lib/python3.12/site-packages/dbt_common/clients/jinja.py", line 395, in call_macro
    return macro(*args, **kwargs)
           ^^^^^^^^^^^^^^^^^^^^^^
  File "/Users/ynzi-at/dev/ontime-data-platform/.venv/lib/python3.12/site-packages/jinja2/runtime.py", line 770, in __call__
    return self._invoke(arguments, autoescape)
           ^^^^^^^^^^^^^^^^^^^^^^^^^^^^^^^^^^^
  File "/Users/ynzi-at/dev/ontime-data-platform/.venv/lib/python3.12/site-packages/jinja2/runtime.py", line 784, in _invoke
    rv = self._func(*arguments)
         ^^^^^^^^^^^^^^^^^^^^^^
  File "<template>", line 52, in macro
  File "/Users/ynzi-at/dev/ontime-data-platform/.venv/lib/python3.12/site-packages/jinja2/sandbox.py", line 401, in call
    return __context.call(__obj, *args, **kwargs)
           ^^^^^^^^^^^^^^^^^^^^^^^^^^^^^^^^^^^^^^
  File "/Users/ynzi-at/dev/ontime-data-platform/.venv/lib/python3.12/site-packages/jinja2/runtime.py", line 303, in call
    return __obj(*args, **kwargs)
           ^^^^^^^^^^^^^^^^^^^^^^
  File "/Users/ynzi-at/dev/ontime-data-platform/.venv/lib/python3.12/site-packages/dbt_common/record.py", line 538, in record_replay_wrapper
    return func_to_record(*call_args, **kwargs)
           ^^^^^^^^^^^^^^^^^^^^^^^^^^^^^^^^^^^^
  File "/Users/ynzi-at/dev/ontime-data-platform/.venv/lib/python3.12/site-packages/dbt/adapters/base/impl.py", line 523, in execute
    return self.connections.execute(sql=sql, auto_begin=auto_begin, fetch=fetch, limit=limit)
           ^^^^^^^^^^^^^^^^^^^^^^^^^^^^^^^^^^^^^^^^^^^^^^^^^^^^^^^^^^^^^^^^^^^^^^^^^^^^^^^^^^
  File "/Users/ynzi-at/dev/ontime-data-platform/.venv/lib/python3.12/site-packages/dbt/adapters/duckdb/connections.py", line 145, in execute
    return super().execute(sql, auto_begin, fetch, limit)
           ^^^^^^^^^^^^^^^^^^^^^^^^^^^^^^^^^^^^^^^^^^^^^^
  File "/Users/ynzi-at/dev/ontime-data-platform/.venv/lib/python3.12/site-packages/dbt/adapters/sql/connections.py", line 219, in execute
    _, cursor = self.add_query(sql, auto_begin)
                ^^^^^^^^^^^^^^^^^^^^^^^^^^^^^^^
  File "/Users/ynzi-at/dev/ontime-data-platform/.venv/lib/python3.12/site-packages/dbt/adapters/sql/connections.py", line 131, in add_query
    with self.exception_handler(sql):
         ^^^^^^^^^^^^^^^^^^^^^^^^^^^
  File "/Users/ynzi-at/.local/share/uv/python/cpython-3.12.14-macos-aarch64-none/lib/python3.12/contextlib.py", line 158, in __exit__
    self.gen.throw(value)
  File "/Users/ynzi-at/dev/ontime-data-platform/.venv/lib/python3.12/site-packages/dbt/adapters/duckdb/connections.py", line 117, in exception_handler
    self.rollback_if_open()
  File "/Users/ynzi-at/dev/ontime-data-platform/.venv/lib/python3.12/site-packages/dbt/adapters/base/connections.py", line 125, in rollback_if_open
    if conn is not None and conn.handle and conn.transaction_open:
                            ^^^^^^^^^^^
  File "/Users/ynzi-at/dev/ontime-data-platform/.venv/lib/python3.12/site-packages/dbt/adapters/contracts/connection.py", line 96, in handle
    self._handle.resolve(self)
  File "/Users/ynzi-at/dev/ontime-data-platform/.venv/lib/python3.12/site-packages/dbt/adapters/contracts/connection.py", line 120, in resolve
    return self.opener(connection)
           ^^^^^^^^^^^^^^^^^^^^^^^
  File "/Users/ynzi-at/dev/ontime-data-platform/.venv/lib/python3.12/site-packages/dbt/adapters/duckdb/connections.py", line 68, in open
    connection.handle = cls._ENV.handle()
                        ^^^^^^^^^^^^^^^^^
  File "/Users/ynzi-at/dev/ontime-data-platform/.venv/lib/python3.12/site-packages/dbt/adapters/duckdb/environments/local.py", line 79, in handle
    self.conn = self.initialize_db(self.creds, self._plugins)
                ^^^^^^^^^^^^^^^^^^^^^^^^^^^^^^^^^^^^^^^^^^^^^
  File "/Users/ynzi-at/dev/ontime-data-platform/.venv/lib/python3.12/site-packages/dbt/adapters/duckdb/environments/__init__.py", line 164, in initialize_db
    conn = duckdb.connect(creds.path, read_only=False, config=config)
           ^^^^^^^^^^^^^^^^^^^^^^^^^^^^^^^^^^^^^^^^^^^^^^^^^^^^^^^^^^
_duckdb.IOException: IO Error: Cannot open file "/Users/ynzi-at/data/warehouse/ontime.duckdb": No such file or directory

During handling of the above exception, another exception occurred:

Traceback (most recent call last):
  File "/Users/ynzi-at/dev/ontime-data-platform/.venv/lib/python3.12/site-packages/dbt/cli/requires.py", line 198, in wrapper
    result, success = func(*args, **kwargs)
                      ^^^^^^^^^^^^^^^^^^^^^
  File "/Users/ynzi-at/dev/ontime-data-platform/.venv/lib/python3.12/site-packages/dbt/cli/requires.py", line 144, in wrapper
    return func(*args, **kwargs)
           ^^^^^^^^^^^^^^^^^^^^^
  File "/Users/ynzi-at/dev/ontime-data-platform/.venv/lib/python3.12/site-packages/dbt/cli/requires.py", line 295, in wrapper
    return func(*args, **kwargs)
           ^^^^^^^^^^^^^^^^^^^^^
  File "/Users/ynzi-at/dev/ontime-data-platform/.venv/lib/python3.12/site-packages/dbt/cli/requires.py", line 340, in wrapper
    return func(*args, **kwargs)
           ^^^^^^^^^^^^^^^^^^^^^
  File "/Users/ynzi-at/dev/ontime-data-platform/.venv/lib/python3.12/site-packages/dbt/cli/requires.py", line 387, in wrapper
    return func(*args, **kwargs)
           ^^^^^^^^^^^^^^^^^^^^^
  File "/Users/ynzi-at/dev/ontime-data-platform/.venv/lib/python3.12/site-packages/dbt/cli/requires.py", line 404, in wrapper
    return func(*args, **kwargs)
           ^^^^^^^^^^^^^^^^^^^^^
  File "/Users/ynzi-at/dev/ontime-data-platform/.venv/lib/python3.12/site-packages/dbt/cli/main.py", line 609, in run
    results = task.run()
              ^^^^^^^^^^
  File "/Users/ynzi-at/dev/ontime-data-platform/.venv/lib/python3.12/site-packages/dbt/task/runnable.py", line 775, in run
    result = self.execute_with_hooks(selected_uids)
             ^^^^^^^^^^^^^^^^^^^^^^^^^^^^^^^^^^^^^^
  File "/Users/ynzi-at/dev/ontime-data-platform/.venv/lib/python3.12/site-packages/dbt/task/runnable.py", line 701, in execute_with_hooks
    before_run_status = self.before_run(adapter, selected_uids)
                        ^^^^^^^^^^^^^^^^^^^^^^^^^^^^^^^^^^^^^^^
  File "/Users/ynzi-at/dev/ontime-data-platform/.venv/lib/python3.12/site-packages/dbt/task/run.py", line 1313, in before_run
    self.create_schemas(adapter, required_schemas)
  File "/Users/ynzi-at/dev/ontime-data-platform/.venv/lib/python3.12/site-packages/dbt/task/runnable.py", line 883, in create_schemas
    existing_schemas_lowered.update(ls_future.result())
                                    ^^^^^^^^^^^^^^^^^^
  File "/Users/ynzi-at/.local/share/uv/python/cpython-3.12.14-macos-aarch64-none/lib/python3.12/concurrent/futures/_base.py", line 449, in result
    return self.__get_result()
           ^^^^^^^^^^^^^^^^^^^
  File "/Users/ynzi-at/.local/share/uv/python/cpython-3.12.14-macos-aarch64-none/lib/python3.12/concurrent/futures/_base.py", line 401, in __get_result
    raise self._exception
  File "/Users/ynzi-at/.local/share/uv/python/cpython-3.12.14-macos-aarch64-none/lib/python3.12/concurrent/futures/thread.py", line 59, in run
    result = self.fn(*self.args, **self.kwargs)
             ^^^^^^^^^^^^^^^^^^^^^^^^^^^^^^^^^^
  File "/Users/ynzi-at/dev/ontime-data-platform/.venv/lib/python3.12/site-packages/dbt_common/utils/executor.py", line 20, in connected
    return func(*args, **kwargs)
           ^^^^^^^^^^^^^^^^^^^^^
  File "/Users/ynzi-at/dev/ontime-data-platform/.venv/lib/python3.12/site-packages/dbt/task/runnable.py", line 858, in list_schemas
    for s in adapter.list_schemas(database_quoted)
             ^^^^^^^^^^^^^^^^^^^^^^^^^^^^^^^^^^^^^
  File "/Users/ynzi-at/dev/ontime-data-platform/.venv/lib/python3.12/site-packages/dbt/adapters/sql/impl.py", line 219, in list_schemas
    results = self.execute_macro(LIST_SCHEMAS_MACRO_NAME, kwargs={"database": database})
              ^^^^^^^^^^^^^^^^^^^^^^^^^^^^^^^^^^^^^^^^^^^^^^^^^^^^^^^^^^^^^^^^^^^^^^^^^^
  File "/Users/ynzi-at/dev/ontime-data-platform/.venv/lib/python3.12/site-packages/dbt/adapters/base/impl.py", line 1371, in execute_macro
    with self.connections.exception_handler(f"macro {macro_name}"):
         ^^^^^^^^^^^^^^^^^^^^^^^^^^^^^^^^^^^^^^^^^^^^^^^^^^^^^^^^^
  File "/Users/ynzi-at/.local/share/uv/python/cpython-3.12.14-macos-aarch64-none/lib/python3.12/contextlib.py", line 158, in __exit__
    self.gen.throw(value)
  File "/Users/ynzi-at/dev/ontime-data-platform/.venv/lib/python3.12/site-packages/dbt/adapters/duckdb/connections.py", line 117, in exception_handler
    self.rollback_if_open()
  File "/Users/ynzi-at/dev/ontime-data-platform/.venv/lib/python3.12/site-packages/dbt/adapters/base/connections.py", line 125, in rollback_if_open
    if conn is not None and conn.handle and conn.transaction_open:
                            ^^^^^^^^^^^
  File "/Users/ynzi-at/dev/ontime-data-platform/.venv/lib/python3.12/site-packages/dbt/adapters/contracts/connection.py", line 96, in handle
    self._handle.resolve(self)
  File "/Users/ynzi-at/dev/ontime-data-platform/.venv/lib/python3.12/site-packages/dbt/adapters/contracts/connection.py", line 120, in resolve
    return self.opener(connection)
           ^^^^^^^^^^^^^^^^^^^^^^^
  File "/Users/ynzi-at/dev/ontime-data-platform/.venv/lib/python3.12/site-packages/dbt/adapters/duckdb/connections.py", line 68, in open
    connection.handle = cls._ENV.handle()
                        ^^^^^^^^^^^^^^^^^
  File "/Users/ynzi-at/dev/ontime-data-platform/.venv/lib/python3.12/site-packages/dbt/adapters/duckdb/environments/local.py", line 79, in handle
    self.conn = self.initialize_db(self.creds, self._plugins)
                ^^^^^^^^^^^^^^^^^^^^^^^^^^^^^^^^^^^^^^^^^^^^^
  File "/Users/ynzi-at/dev/ontime-data-platform/.venv/lib/python3.12/site-packages/dbt/adapters/duckdb/environments/__init__.py", line 164, in initialize_db
    conn = duckdb.connect(creds.path, read_only=False, config=config)
           ^^^^^^^^^^^^^^^^^^^^^^^^^^^^^^^^^^^^^^^^^^^^^^^^^^^^^^^^^^
_duckdb.IOException: IO Error: Cannot open file "/Users/ynzi-at/data/warehouse/ontime.duckdb": No such file or directory

[0m16:29:43.653827 [debug] [MainThread]: Resource report: {"command_name": "run", "command_success": false, "command_wall_clock_time": 1.0602305, "process_in_blocks": "0", "process_kernel_time": 0.273853, "process_mem_max_rss": "165167104", "process_out_blocks": "0", "process_user_time": 1.352333}
[0m16:29:43.654025 [debug] [MainThread]: Command `dbt run` failed at 16:29:43.653986 after 1.06 seconds
[0m16:29:43.654191 [debug] [MainThread]: Sending event: {'category': 'dbt', 'action': 'invocation', 'label': 'end', 'context': [<snowplow_tracker.self_describing_json.SelfDescribingJson object at 0x10ae88620>, <snowplow_tracker.self_describing_json.SelfDescribingJson object at 0x10c9736e0>, <snowplow_tracker.self_describing_json.SelfDescribingJson object at 0x10ce10a10>]}
[0m16:29:43.654346 [debug] [MainThread]: Flushing usage events
[0m16:29:44.123942 [debug] [MainThread]: An error was encountered while trying to flush usage events
[0m16:30:08.811234 [debug] [MainThread]: Sending event: {'category': 'dbt', 'action': 'invocation', 'label': 'start', 'context': [<snowplow_tracker.self_describing_json.SelfDescribingJson object at 0x10d8b7fb0>, <snowplow_tracker.self_describing_json.SelfDescribingJson object at 0x10e3774d0>, <snowplow_tracker.self_describing_json.SelfDescribingJson object at 0x10e3770b0>]}


============================== 16:30:08.815372 | 880fc27e-39e8-49d7-94cf-dc498d9a1071 ==============================
[0m16:30:08.815372 [info ] [MainThread]: Running with dbt=1.12.5
[0m16:30:08.815649 [debug] [MainThread]: running dbt with arguments {'profiles_dir': 'dbt/ontime', 'static_parser': 'True', 'log_path': 'dbt/ontime/logs', 'log_cache_events': 'False', 'introspect': 'True', 'use_experimental_parser': 'False', 'debug': 'False', 'log_format': 'default', 'warn_error_options': 'WarnErrorOptionsV2(error=[], warn=[], silence=[])', 'printer_width': '80', 'use_colors': 'True', 'warn_error': 'None', 'version_check': 'True', 'target_path': 'None', 'send_anonymous_usage_stats': 'True', 'no_print': 'None', 'fail_fast': 'False', 'indirect_selection': 'eager', 'maximum_seed_size_mib': '1', 'partial_parse': 'True', 'empty': 'False', 'write_json': 'True', 'hints_enabled': 'True', 'invocation_command': 'dbt run --select stg_flights --project-dir dbt/ontime --profiles-dir dbt/ontime', 'cache_selected_only': 'False', 'quiet': 'False'}
[0m16:30:09.019996 [debug] [MainThread]: Sending event: {'category': 'dbt', 'action': 'project_id', 'label': '880fc27e-39e8-49d7-94cf-dc498d9a1071', 'context': [<snowplow_tracker.self_describing_json.SelfDescribingJson object at 0x10e4d8c50>]}
[0m16:30:09.051966 [debug] [MainThread]: Sending event: {'category': 'dbt', 'action': 'adapter_info', 'label': '880fc27e-39e8-49d7-94cf-dc498d9a1071', 'context': [<snowplow_tracker.self_describing_json.SelfDescribingJson object at 0x10e1a4e00>]}
[0m16:30:09.053685 [info ] [MainThread]: Registered adapter: duckdb=1.11.0
[0m16:30:09.105263 [debug] [MainThread]: checksum: 971b34b6ee13e89fea23a3682f065eb5f106e6eadb42619adc772f9b505abd6c, vars: {}, profile: ontime, target: dev, version: 1.12.5
[0m16:30:09.144046 [info ] [MainThread]: Unable to do partial parsing because profile has changed
[0m16:30:09.144349 [debug] [MainThread]: Sending event: {'category': 'dbt', 'action': 'partial_parser', 'label': '880fc27e-39e8-49d7-94cf-dc498d9a1071', 'context': [<snowplow_tracker.self_describing_json.SelfDescribingJson object at 0x10d8b5220>]}
[0m16:30:09.653444 [warn ] [MainThread]: [[33mWARNING[0m]: Configuration paths exist in your dbt_project.yml file which do not apply to any resources.
There are 2 unused configuration paths:
- models.ontime.marts
- models.ontime.intermediate
[0m16:30:09.655103 [debug] [MainThread]: Sending event: {'category': 'dbt', 'action': 'load_project', 'label': '880fc27e-39e8-49d7-94cf-dc498d9a1071', 'context': [<snowplow_tracker.self_describing_json.SelfDescribingJson object at 0x10e9912b0>]}
[0m16:30:09.688959 [debug] [MainThread]: Wrote artifact WritableManifest to dbt/ontime/target/manifest.json
[0m16:30:09.690761 [debug] [MainThread]: Wrote artifact SemanticManifest to dbt/ontime/target/semantic_manifest.json
[0m16:30:09.700705 [debug] [MainThread]: Wrote artifact OsiDocument to dbt/ontime/target/osi_document.json
[0m16:30:09.706162 [debug] [MainThread]: Sending event: {'category': 'dbt', 'action': 'resource_counts', 'label': '880fc27e-39e8-49d7-94cf-dc498d9a1071', 'context': [<snowplow_tracker.self_describing_json.SelfDescribingJson object at 0x10edb2d20>]}
[0m16:30:09.706386 [info ] [MainThread]: Found 1 model, 1 source, 500 macros
[0m16:30:09.706506 [debug] [MainThread]: Sending event: {'category': 'dbt', 'action': 'runnable_timing', 'label': '880fc27e-39e8-49d7-94cf-dc498d9a1071', 'context': [<snowplow_tracker.self_describing_json.SelfDescribingJson object at 0x10ebb7860>]}
[0m16:30:09.707139 [info ] [MainThread]: 
[0m16:30:09.707272 [info ] [MainThread]: Concurrency: 4 threads (target='dev')
[0m16:30:09.707370 [info ] [MainThread]: 
[0m16:30:09.707574 [debug] [MainThread]: Acquiring new duckdb connection 'master'
[0m16:30:09.707948 [debug] [ThreadPool]: Acquiring new duckdb connection 'list_ontime'
[0m16:30:09.746796 [debug] [ThreadPool]: Using duckdb connection "list_ontime"
[0m16:30:09.747011 [debug] [ThreadPool]: On list_ontime: /* {"app": "dbt", "dbt_version": "1.12.5", "profile_name": "ontime", "target_name": "dev", "connection_name": "list_ontime"} */

    
    select schema_name
    from system.information_schema.schemata
    
    where lower(catalog_name) = '"ontime"'
    
  
  
[0m16:30:09.747124 [debug] [ThreadPool]: Opening a new connection, currently in state init
[0m16:30:09.768573 [debug] [ThreadPool]: SQL status: OK in 0.021 seconds
[0m16:30:09.769282 [debug] [ThreadPool]: On list_ontime: Close
[0m16:30:09.769720 [debug] [ThreadPool]: Re-using an available connection from the pool (formerly list_ontime, now create_ontime_main)
[0m16:30:09.769955 [debug] [ThreadPool]: Creating schema "database: "ontime"
schema: "main"
"
[0m16:30:09.773102 [debug] [ThreadPool]: Using duckdb connection "create_ontime_main"
[0m16:30:09.773293 [debug] [ThreadPool]: On create_ontime_main: /* {"app": "dbt", "dbt_version": "1.12.5", "profile_name": "ontime", "target_name": "dev", "connection_name": "create_ontime_main"} */

    
        select type from duckdb_databases()
        where lower(database_name)='ontime'
        and type != 'duckdb'
    
  
[0m16:30:09.773413 [debug] [ThreadPool]: Opening a new connection, currently in state closed
[0m16:30:09.774250 [debug] [ThreadPool]: SQL status: OK in 0.001 seconds
[0m16:30:09.774838 [debug] [ThreadPool]: Using duckdb connection "create_ontime_main"
[0m16:30:09.774963 [debug] [ThreadPool]: On create_ontime_main: BEGIN
[0m16:30:09.775145 [debug] [ThreadPool]: SQL status: OK in 0.000 seconds
[0m16:30:09.775241 [debug] [ThreadPool]: Using duckdb connection "create_ontime_main"
[0m16:30:09.775334 [debug] [ThreadPool]: On create_ontime_main: /* {"app": "dbt", "dbt_version": "1.12.5", "profile_name": "ontime", "target_name": "dev", "connection_name": "create_ontime_main"} */

    
    
        create schema if not exists "ontime"."main"
    
[0m16:30:09.775528 [debug] [ThreadPool]: SQL status: OK in 0.000 seconds
[0m16:30:09.775861 [debug] [ThreadPool]: On create_ontime_main: COMMIT
[0m16:30:09.775990 [debug] [ThreadPool]: Using duckdb connection "create_ontime_main"
[0m16:30:09.776091 [debug] [ThreadPool]: On create_ontime_main: COMMIT
[0m16:30:09.776243 [debug] [ThreadPool]: SQL status: OK in 0.000 seconds
[0m16:30:09.776347 [debug] [ThreadPool]: On create_ontime_main: Close
[0m16:30:09.776817 [debug] [ThreadPool]: Re-using an available connection from the pool (formerly create_ontime_main, now list_ontime_main)
[0m16:30:09.778644 [debug] [ThreadPool]: Using duckdb connection "list_ontime_main"
[0m16:30:09.778786 [debug] [ThreadPool]: On list_ontime_main: BEGIN
[0m16:30:09.778886 [debug] [ThreadPool]: Opening a new connection, currently in state closed
[0m16:30:09.779099 [debug] [ThreadPool]: SQL status: OK in 0.000 seconds
[0m16:30:09.779192 [debug] [ThreadPool]: Using duckdb connection "list_ontime_main"
[0m16:30:09.779285 [debug] [ThreadPool]: On list_ontime_main: /* {"app": "dbt", "dbt_version": "1.12.5", "profile_name": "ontime", "target_name": "dev", "connection_name": "list_ontime_main"} */
select
      'ontime' as database,
      table_name as name,
      table_schema as schema,
      CASE table_type
        WHEN 'BASE TABLE' THEN 'table'
        WHEN 'VIEW' THEN 'view'
        WHEN 'LOCAL TEMPORARY' THEN 'table'
        END as type
    from system.information_schema.tables
    where lower(table_schema) = 'main'
    and lower(table_catalog) = 'ontime'
  
[0m16:30:09.782019 [debug] [ThreadPool]: SQL status: OK in 0.003 seconds
[0m16:30:09.782624 [debug] [ThreadPool]: On list_ontime_main: ROLLBACK
[0m16:30:09.782835 [debug] [ThreadPool]: On list_ontime_main: Close
[0m16:30:09.783100 [debug] [MainThread]: Sending event: {'category': 'dbt', 'action': 'runnable_timing', 'label': '880fc27e-39e8-49d7-94cf-dc498d9a1071', 'context': [<snowplow_tracker.self_describing_json.SelfDescribingJson object at 0x10f069d30>]}
[0m16:30:09.783305 [debug] [MainThread]: Using duckdb connection "master"
[0m16:30:09.783406 [debug] [MainThread]: On master: BEGIN
[0m16:30:09.783495 [debug] [MainThread]: Opening a new connection, currently in state init
[0m16:30:09.783758 [debug] [MainThread]: SQL status: OK in 0.000 seconds
[0m16:30:09.783939 [debug] [MainThread]: On master: COMMIT
[0m16:30:09.784058 [debug] [MainThread]: Using duckdb connection "master"
[0m16:30:09.784156 [debug] [MainThread]: On master: COMMIT
[0m16:30:09.784325 [debug] [MainThread]: SQL status: OK in 0.000 seconds
[0m16:30:09.784415 [debug] [MainThread]: On master: Close
[0m16:30:09.787634 [debug] [Thread-1 (]: Began running node model.ontime.stg_flights
[0m16:30:09.787884 [info ] [Thread-1 (]: 1 of 1 START sql view model main.stg_flights ................................... [RUN]
[0m16:30:09.788073 [debug] [Thread-1 (]: Re-using an available connection from the pool (formerly list_ontime_main, now model.ontime.stg_flights)
[0m16:30:09.788203 [debug] [Thread-1 (]: Began compiling node model.ontime.stg_flights
[0m16:30:09.790804 [debug] [Thread-1 (]: Writing injected SQL for node "model.ontime.stg_flights"
[0m16:30:09.791372 [debug] [Thread-1 (]: Began executing node model.ontime.stg_flights
[0m16:30:09.805154 [debug] [Thread-1 (]: Writing runtime sql for node "model.ontime.stg_flights"
[0m16:30:09.805856 [debug] [Thread-1 (]: Using duckdb connection "model.ontime.stg_flights"
[0m16:30:09.805992 [debug] [Thread-1 (]: On model.ontime.stg_flights: BEGIN
[0m16:30:09.806105 [debug] [Thread-1 (]: Opening a new connection, currently in state closed
[0m16:30:09.806395 [debug] [Thread-1 (]: SQL status: OK in 0.000 seconds
[0m16:30:09.806504 [debug] [Thread-1 (]: Using duckdb connection "model.ontime.stg_flights"
[0m16:30:09.806627 [debug] [Thread-1 (]: On model.ontime.stg_flights: /* {"app": "dbt", "dbt_version": "1.12.5", "profile_name": "ontime", "target_name": "dev", "node_id": "model.ontime.stg_flights"} */

  
  create view "ontime"."main"."stg_flights__dbt_tmp" as (
    select
    -- identité du vol
    flight_date,
    day_of_week,
    dot_id_reporting_airline as carrier_id,
    reporting_airline as carrier_code,
    flight_number_reporting_airline as flight_number,
    tail_number,

    -- aéroports (minimal, la dimension enrichie viendra d'OurAirports en marts)
    origin,
    origin_city_name,
    origin_state,
    dest,
    dest_city_name,
    dest_state,

    -- horaires / ponctualité
    crs_dep_time,
    dep_time,
    dep_delay,
    dep_delay_minutes,
    dep_del15,
    taxi_out,
    wheels_off,
    wheels_on,
    taxi_in,
    crs_arr_time,
    arr_time,
    arr_delay,
    arr_delay_minutes,
    arr_del15,
    cancelled,
    cancellation_code,
    diverted,
    crs_elapsed_time,
    actual_elapsed_time,
    air_time,
    distance,

    -- décomposition des causes de retard
    carrier_delay,
    weather_delay,
    nas_delay,
    security_delay,
    late_aircraft_delay

from "ontime"."raw"."flights"
  );

[0m16:30:09.807029 [debug] [Thread-1 (]: SQL status: OK in 0.000 seconds
[0m16:30:09.809184 [debug] [Thread-1 (]: Using duckdb connection "model.ontime.stg_flights"
[0m16:30:09.809345 [debug] [Thread-1 (]: On model.ontime.stg_flights: /* {"app": "dbt", "dbt_version": "1.12.5", "profile_name": "ontime", "target_name": "dev", "node_id": "model.ontime.stg_flights"} */
alter view "ontime"."main"."stg_flights__dbt_tmp" rename to "stg_flights"
[0m16:30:09.810081 [debug] [Thread-1 (]: SQL status: OK in 0.001 seconds
[0m16:30:09.814522 [debug] [Thread-1 (]: On model.ontime.stg_flights: COMMIT
[0m16:30:09.814686 [debug] [Thread-1 (]: Using duckdb connection "model.ontime.stg_flights"
[0m16:30:09.814796 [debug] [Thread-1 (]: On model.ontime.stg_flights: COMMIT
[0m16:30:09.815691 [debug] [Thread-1 (]: SQL status: OK in 0.001 seconds
[0m16:30:09.817636 [debug] [Thread-1 (]: Using duckdb connection "model.ontime.stg_flights"
[0m16:30:09.817800 [debug] [Thread-1 (]: On model.ontime.stg_flights: /* {"app": "dbt", "dbt_version": "1.12.5", "profile_name": "ontime", "target_name": "dev", "node_id": "model.ontime.stg_flights"} */

      drop view if exists "ontime"."main"."stg_flights__dbt_backup" cascade
    
[0m16:30:09.818191 [debug] [Thread-1 (]: SQL status: OK in 0.000 seconds
[0m16:30:09.819258 [debug] [Thread-1 (]: On model.ontime.stg_flights: Close
[0m16:30:09.820498 [debug] [Thread-1 (]: Sending event: {'category': 'dbt', 'action': 'run_model', 'label': '880fc27e-39e8-49d7-94cf-dc498d9a1071', 'context': [<snowplow_tracker.self_describing_json.SelfDescribingJson object at 0x10eb48650>]}
[0m16:30:09.820776 [info ] [Thread-1 (]: 1 of 1 OK created sql view model main.stg_flights .............................. [[32mOK[0m in 0.03s]
[0m16:30:09.821001 [debug] [Thread-1 (]: Finished running node model.ontime.stg_flights
[0m16:30:09.821591 [debug] [MainThread]: Using duckdb connection "master"
[0m16:30:09.821703 [debug] [MainThread]: On master: BEGIN
[0m16:30:09.821797 [debug] [MainThread]: Opening a new connection, currently in state closed
[0m16:30:09.822019 [debug] [MainThread]: SQL status: OK in 0.000 seconds
[0m16:30:09.822116 [debug] [MainThread]: On master: COMMIT
[0m16:30:09.822207 [debug] [MainThread]: Using duckdb connection "master"
[0m16:30:09.822292 [debug] [MainThread]: On master: COMMIT
[0m16:30:09.822421 [debug] [MainThread]: SQL status: OK in 0.000 seconds
[0m16:30:09.822520 [debug] [MainThread]: On master: Close
[0m16:30:09.822655 [debug] [MainThread]: Connection 'master' was properly closed.
[0m16:30:09.822740 [debug] [MainThread]: Connection 'model.ontime.stg_flights' was properly closed.
[0m16:30:09.822841 [info ] [MainThread]: 
[0m16:30:09.822941 [info ] [MainThread]: Finished running 1 view model in 0 hours 0 minutes and 0.12 seconds (0.12s).
[0m16:30:09.823168 [debug] [MainThread]: Command end result
[0m16:30:09.835693 [debug] [MainThread]: Wrote artifact WritableManifest to dbt/ontime/target/manifest.json
[0m16:30:09.837090 [debug] [MainThread]: Wrote artifact SemanticManifest to dbt/ontime/target/semantic_manifest.json
[0m16:30:09.838121 [debug] [MainThread]: Wrote artifact OsiDocument to dbt/ontime/target/osi_document.json
[0m16:30:09.840837 [debug] [MainThread]: Wrote artifact RunExecutionResult to dbt/ontime/target/run_results.json
[0m16:30:09.840982 [info ] [MainThread]: 
[0m16:30:09.841126 [info ] [MainThread]: [32mCompleted successfully[0m
[0m16:30:09.841225 [info ] [MainThread]: 
[0m16:30:09.841335 [info ] [MainThread]: Done. PASS=1 WARN=0 ERROR=0 SKIP=0 NO-OP=0 REUSED=0 TOTAL=1
[0m16:30:09.841606 [debug] [MainThread]: Resource report: {"command_name": "run", "command_success": true, "command_wall_clock_time": 1.1240609, "process_in_blocks": "0", "process_kernel_time": 0.279331, "process_mem_max_rss": "169852928", "process_out_blocks": "0", "process_user_time": 1.45496}
[0m16:30:09.841808 [debug] [MainThread]: Command `dbt run` succeeded at 16:30:09.841768 after 1.12 seconds
[0m16:30:09.841977 [debug] [MainThread]: Sending event: {'category': 'dbt', 'action': 'invocation', 'label': 'end', 'context': [<snowplow_tracker.self_describing_json.SelfDescribingJson object at 0x10b808bc0>, <snowplow_tracker.self_describing_json.SelfDescribingJson object at 0x10e3772f0>, <snowplow_tracker.self_describing_json.SelfDescribingJson object at 0x10e376b70>]}
[0m16:30:09.842221 [debug] [MainThread]: Flushing usage events
[0m16:30:10.237773 [debug] [MainThread]: An error was encountered while trying to flush usage events
